Microchip MPLAB XC8 Compiler V2.41

Linker command line:

-W-3 \
  --edf=C:\Program Files\Microchip\xc8\v2.41\pic\dat\20230208172133_en.msgs \
  -cn -h+dist/default/production\PIC16F877A_RS485_Master.X.production.sym \
  --cmf=dist/default/production\PIC16F877A_RS485_Master.X.production.cmf -z \
  -Q16F877A -oC:\Users\84935\AppData\Local\Temp\xcAseo8.\driver_tmp_3.o \
  --defsym=__MPLAB_BUILD=1 --fixupoverflow=error \
  -Mdist/default/production/PIC16F877A_RS485_Master.X.production.map \
  --md=C:\Users\84935\AppData\Local\Temp\xcAseo8.\driver_tmp_0.dat -E1 \
  -ver=XC8 Compiler --acfsm=1493 -ACODE=00h-07FFhx4 -ASTRCODE=00h-01FFFh \
  -ASTRING=00h-0FFhx32 -ACONST=00h-0FFhx32 -AENTRY=00h-0FFhx32 \
  -ACOMMON=070h-07Fh -ABANK0=020h-06Fh -ABANK1=0A0h-0EFh \
  -ABANK2=0110h-016Fh -ABANK3=0190h-01EFh \
  -ARAM=020h-06Fh,0A0h-0EFh,0110h-016Fh,0190h-01EFh \
  -AABS1=020h-07Fh,0A0h-0EFh,0110h-016Fh,0190h-01EFh -ASFR0=00h-01Fh \
  -ASFR1=080h-09Fh -ASFR2=0100h-010Fh -ASFR3=0180h-018Fh \
  -ACONFIG=02007h-02007h -DCONFIG=2 -AIDLOC=02000h-02003h -DIDLOC=2 \
  -AEEDATA=00h-0FFh/02100h -peeprom_data=EEDATA -DEEDATA=2 -DCODE=2 \
  -DSTRCODE=2 -DSTRING=2 -DCONST=2 -DENTRY=2 \
  -preset_vec=00h,intentry=04h,init,end_init -ppowerup=CODE -pcinit=CODE \
  -pfunctab=ENTRY -k \
  C:\Users\84935\AppData\Local\Temp\xcAseo8.\driver_tmp_17.o \
  dist/default/production\PIC16F877A_RS485_Master.X.production.o 

Object code version is 3.11

Machine type is 16F877A



                Name                               Link     Load   Length Selector   Space Scale
C:\Users\84935\AppData\Local\Temp\xcAseo8.\driver_tmp_17.o
                end_init                             12       12        3        8       0
                reset_vec                             0        0        3        0       0
                config                             2007     2007        1        0       4
                idloc                              2000     2000        4        0       5
dist/default/production\PIC16F877A_RS485_Master.X.production.o
                cinit                                15       15       2B        8       0
                intentry                              4        4        E        8       0
                config                             2007     2007        1        0       4
                idloc                              2000     2000        4        0       5
                text60                             1B10     1B10       23     3620       0
                text59                              9F9      9F9      2D9     13F2       0
                text58                              5B4      5B4      1FD        8       0
                text57                             1A73     1A73       1E     34E6       0
                text56                             13B6     13B6       A1     276C       0
                text55                             1C1C     1C1C       3C     3838       0
                text54                              7B1      7B1       4E        8       0
                text53                             1BE5     1BE5       37     37CA       0
                text52                             1956     1956        8     32AC       0
                text51                             1A91     1A91       1E     3522       0
                text50                             1B5B     1B5B       2D     36B6       0
                text49                             1BB5     1BB5       30     376A       0
                text48                             10CD     10CD       32     219A       0
                text47                             1B33     1B33       28     3666       0
                text46                             11D1     11D1       6C     23A2       0
                text45                             159D     159D       A5     2B3A       0
                text44                             1705     1705       FB     2E0A       0
                text43                             19FF     19FF       1D     33FE       0
                text42                             12AC     12AC       77     2558       0
                text41                             1D1D     1D1D       48     3A3A       0
                text40                             1C95     1C95       43     392A       0
                text39                             1A1C     1A1C       1D     3438       0
                text38                             123D     123D       6F     247A       0
                text37                             195E     195E        8     32BC       0
                text36                             1CD8     1CD8       45     39B0       0
                text35                             19E5     19E5       1A     33CA       0
                text34                             19CE     19CE       17     339C       0
                text33                             197F     197F        B     32FE       0
                text32                              803      803       3F     1006       0
                text31                             1DAD     1DAD       49     3B5A       0
                text30                             1C58     1C58       3D     38B0       0
                text29                             1D65     1D65       48     3ACA       0
                text28                             1323     1323       93     2646       0
                text27                             1976     1976        9     32EC       0
                text26                             10FF     10FF       67     21FE       0
                text25                             1F3D     1F3D       5E     3E7A       0
                text24                             1E41     1E41       4C     3C82       0
                text23                             1ACE     1ACE       21     359C       0
                text22                             1457     1457       A3     28AE       0
                text21                             14FA     14FA       A3     29F4       0
                text20                             1AEF     1AEF       21     35DE       0
                text19                             1AAF     1AAF       1F     355E       0
                text18                              842      842      1B7     1084       0
                text17                             198A     198A        E     3314       0
                text16                             1EE4     1EE4       59     3DC8       0
                text15                             1DF6     1DF6       4B     3BEC       0
                text14                              CD2      CD2      32E     19A4       0
                text13                               40       40      574        8       0
                text12                             1F9B     1F9B       65     3F36       0
                text11                             1642     1642       C3     2C84       0
                text10                             1B88     1B88       2D     3710       0
                text9                              1A39     1A39       1D     3472       0
                text8                              1166     1166       6B     22CC       0
                text7                              1949     1949        6     3292       0
                text6                              194F     194F        7     329E       0
                text5                              1998     1998        E     3330       0
                text4                              19B8     19B8       16     3370       0
                text3                              1966     1966        8     32CC       0
                text2                              1E8D     1E8D       57     3D1A       0
                text1                              19A6     19A6       12     334C       0
                maintext                           1A56     1A56       1D     34AC       0
                cstackBANK0                          20       20       4D       20       1
                cstackCOMMON                         70       70        E       70       1
                cstackBANK1                          A0       A0       2B       A0       1
                cstackBANK3                         1B2      1B2        6      190       1
                clrtext                            196E     196E        8     32DC       0
                bssBANK3                            190      190       22      190       1
                dataBANK1                            EC       EC        3       A0       1
                bssBANK1                             CB       CB       21       A0       1
                bssBANK0                             6D       6D        2       20       1
                bitbssBANK0                         378       6F        1       20       1     8
                strings                            1000     1000       C9     2000       0
                idataBANK1                          800      800        3     1000       0

TOTAL           Name                               Link     Load   Length     Space
        CLASS   CODE           
                end_init                             12       12        3         0
                cinit                                15       15       2B         0
                intentry                              4        4        E         0
                reset_vec                             0        0        3         0
                text60                             1B10     1B10       23         0
                text59                              9F9      9F9      2D9         0
                text58                              5B4      5B4      1FD         0
                text57                             1A73     1A73       1E         0
                text56                             13B6     13B6       A1         0
                text55                             1C1C     1C1C       3C         0
                text54                              7B1      7B1       4E         0
                text53                             1BE5     1BE5       37         0
                text52                             1956     1956        8         0
                text51                             1A91     1A91       1E         0
                text50                             1B5B     1B5B       2D         0
                text49                             1BB5     1BB5       30         0
                text48                             10CD     10CD       32         0
                text47                             1B33     1B33       28         0
                text46                             11D1     11D1       6C         0
                text45                             159D     159D       A5         0
                text44                             1705     1705       FB         0
                text43                             19FF     19FF       1D         0
                text42                             12AC     12AC       77         0
                text41                             1D1D     1D1D       48         0
                text40                             1C95     1C95       43         0
                text39                             1A1C     1A1C       1D         0
                text38                             123D     123D       6F         0
                text37                             195E     195E        8         0
                text36                             1CD8     1CD8       45         0
                text35                             19E5     19E5       1A         0
                text34                             19CE     19CE       17         0
                text33                             197F     197F        B         0
                text32                              803      803       3F         0
                text31                             1DAD     1DAD       49         0
                text30                             1C58     1C58       3D         0
                text29                             1D65     1D65       48         0
                text28                             1323     1323       93         0
                text27                             1976     1976        9         0
                text26                             10FF     10FF       67         0
                text25                             1F3D     1F3D       5E         0
                text24                             1E41     1E41       4C         0
                text23                             1ACE     1ACE       21         0
                text22                             1457     1457       A3         0
                text21                             14FA     14FA       A3         0
                text20                             1AEF     1AEF       21         0
                text19                             1AAF     1AAF       1F         0
                text18                              842      842      1B7         0
                text17                             198A     198A        E         0
                text16                             1EE4     1EE4       59         0
                text15                             1DF6     1DF6       4B         0
                text14                              CD2      CD2      32E         0
                text13                               40       40      574         0
                text12                             1F9B     1F9B       65         0
                text11                             1642     1642       C3         0
                text10                             1B88     1B88       2D         0
                text9                              1A39     1A39       1D         0
                text8                              1166     1166       6B         0
                text7                              1949     1949        6         0
                text6                              194F     194F        7         0
                text5                              1998     1998        E         0
                text4                              19B8     19B8       16         0
                text3                              1966     1966        8         0
                text2                              1E8D     1E8D       57         0
                text1                              19A6     19A6       12         0
                maintext                           1A56     1A56       1D         0
                clrtext                            196E     196E        8         0
                idataBANK1                          800      800        3         0

        CLASS   STRCODE        

        CLASS   STRING         
                strings                            1000     1000       C9         0

        CLASS   CONST          

        CLASS   ENTRY          

        CLASS   COMMON         
                cstackCOMMON                         70       70        E         1

        CLASS   BANK0          
                cstackBANK0                          20       20       4D         1
                bssBANK0                             6D       6D        2         1
                bitbssBANK0                         378       6F        1         1

        CLASS   BANK1          
                cstackBANK1                          A0       A0       2B         1
                dataBANK1                            EC       EC        3         1
                bssBANK1                             CB       CB       21         1

        CLASS   BANK2          

        CLASS   BANK3          
                cstackBANK3                         1B2      1B2        6         1
                bssBANK3                            190      190       22         1

        CLASS   RAM            

        CLASS   ABS1           
                abs_s1                               7E       7E        2         1

        CLASS   SFR0           

        CLASS   SFR1           

        CLASS   SFR2           

        CLASS   SFR3           

        CLASS   CONFIG         
                config                             2007     2007        1         4

        CLASS   IDLOC          
                idloc                              2000     2000        4         5

        CLASS   EEDATA         

        CLASS   STACK          



SEGMENTS        Name                           Load    Length   Top    Selector   Space  Class     Delta

                reset_vec                      000000  000003  000003         0       0  CODE        2
                intentry                       000004  0007FB  0007FF         8       0  CODE        2
                cstackBANK0                    000020  000050  000070        20       1  BANK0       1
                cstackCOMMON                   000070  00000E  00007E        70       1  COMMON      1
                cstackBANK1                    0000A0  00004F  0000EF        A0       1  BANK1       1
                bssBANK3                       000190  000028  0001B8       190       1  BANK3       1
                idataBANK1                     000800  000003  000803      1000       0  CODE        2
                text32                         000803  00003F  000842      1006       0  CODE        2
                text18                         000842  0001B7  0009F9      1084       0  CODE        2
                text59                         0009F9  0002D9  000CD2      13F2       0  CODE        2
                text14                         000CD2  00032E  001000      19A4       0  CODE        2
                strings                        001000  0000C9  0010C9      2000       0  STRING      2
                text48                         0010CD  000032  0010FF      219A       0  CODE        2
                text26                         0010FF  000067  001166      21FE       0  CODE        2
                text8                          001166  00006B  0011D1      22CC       0  CODE        2
                text46                         0011D1  00006C  00123D      23A2       0  CODE        2
                text38                         00123D  00006F  0012AC      247A       0  CODE        2
                text42                         0012AC  000077  001323      2558       0  CODE        2
                text28                         001323  000093  0013B6      2646       0  CODE        2
                text56                         0013B6  0000A1  001457      276C       0  CODE        2
                text22                         001457  0000A3  0014FA      28AE       0  CODE        2
                text21                         0014FA  0000A3  00159D      29F4       0  CODE        2
                text45                         00159D  0000A5  001642      2B3A       0  CODE        2
                text11                         001642  0000C3  001705      2C84       0  CODE        2
                text44                         001705  0000FB  001800      2E0A       0  CODE        2
                text7                          001949  000006  00194F      3292       0  CODE        2
                text6                          00194F  000007  001956      329E       0  CODE        2
                text52                         001956  000008  00195E      32AC       0  CODE        2
                text37                         00195E  000008  001966      32BC       0  CODE        2
                text3                          001966  000008  00196E      32CC       0  CODE        2
                clrtext                        00196E  000008  001976      32DC       0  CODE        2
                text27                         001976  000009  00197F      32EC       0  CODE        2
                text33                         00197F  00000B  00198A      32FE       0  CODE        2
                text17                         00198A  00000E  001998      3314       0  CODE        2
                text5                          001998  00000E  0019A6      3330       0  CODE        2
                text1                          0019A6  000012  0019B8      334C       0  CODE        2
                text4                          0019B8  000016  0019CE      3370       0  CODE        2
                text34                         0019CE  000017  0019E5      339C       0  CODE        2
                text35                         0019E5  00001A  0019FF      33CA       0  CODE        2
                text43                         0019FF  00001D  001A1C      33FE       0  CODE        2
                text39                         001A1C  00001D  001A39      3438       0  CODE        2
                text9                          001A39  00001D  001A56      3472       0  CODE        2
                maintext                       001A56  00001D  001A73      34AC       0  CODE        2
                text57                         001A73  00001E  001A91      34E6       0  CODE        2
                text51                         001A91  00001E  001AAF      3522       0  CODE        2
                text19                         001AAF  00001F  001ACE      355E       0  CODE        2
                text23                         001ACE  000021  001AEF      359C       0  CODE        2
                text20                         001AEF  000021  001B10      35DE       0  CODE        2
                text60                         001B10  000023  001B33      3620       0  CODE        2
                text47                         001B33  000028  001B5B      3666       0  CODE        2
                text50                         001B5B  00002D  001B88      36B6       0  CODE        2
                text10                         001B88  00002D  001BB5      3710       0  CODE        2
                text49                         001BB5  000030  001BE5      376A       0  CODE        2
                text53                         001BE5  000037  001C1C      37CA       0  CODE        2
                text55                         001C1C  00003C  001C58      3838       0  CODE        2
                text30                         001C58  00003D  001C95      38B0       0  CODE        2
                text40                         001C95  000043  001CD8      392A       0  CODE        2
                text36                         001CD8  000045  001D1D      39B0       0  CODE        2
                text41                         001D1D  000048  001D65      3A3A       0  CODE        2
                text29                         001D65  000048  001DAD      3ACA       0  CODE        2
                text31                         001DAD  000049  001DF6      3B5A       0  CODE        2
                text15                         001DF6  00004B  001E41      3BEC       0  CODE        2
                text24                         001E41  00004C  001E8D      3C82       0  CODE        2
                text2                          001E8D  000057  001EE4      3D1A       0  CODE        2
                text16                         001EE4  000059  001F3D      3DC8       0  CODE        2
                text25                         001F3D  00005E  001F9B      3E7A       0  CODE        2
                text12                         001F9B  000065  002000      3F36       0  CODE        2


UNUSED ADDRESS RANGES

        Name                Unused          Largest block    Delta
        BANK1            00EF-00EF              1           1
        BANK2            0110-016F             60           1
        BANK3            01B8-01EF             38           1
        CODE             0003-0003              1           2
                         07FF-07FF              1
                         10C9-10CC              4
                         1800-1948            149
        CONST            0003-0003              1           2
                         07FF-07FF              1
                         10C9-10CC              4
                         1800-1948            100
        EEDATA           2100-21FF            100           2
        ENTRY            0003-0003              1           2
                         07FF-07FF              1
                         10C9-10CC              4
                         1800-1948            100
        RAM              00EF-00EF              1           1
                         0110-016F             60
                         01B8-01EF             38
        SFR0             0000-001F             20           1
        SFR1             0080-009F             20           1
        SFR2             0100-010F             10           1
        SFR3             0180-018F             10           1
        STRCODE          0003-0003              1           2
                         07FF-07FF              1
                         10C9-10CC              4
                         1800-1948            149
        STRING           0003-0003              1           2
                         07FF-07FF              1
                         10C9-10CC              4
                         1800-1948            100

                                  Symbol Table

?_CRCcheck                         cstackCOMMON 0070
?_HCH1000_freqToHumidity           cstackBANK0  0068
?_ReceiveData_Check                cstackCOMMON 007C
?_TC72_toFloat                     cstackBANK0  0046
?_UARTrcvString                    cstackCOMMON 0071
?__Umul8_16                        cstackCOMMON 0070
?___awdiv                          cstackCOMMON 0076
?___awmod                          cstackCOMMON 0070
?___awtoft                         cstackCOMMON 0078
?___fladd                          cstackBANK0  004C
?___flmul                          cstackBANK0  0020
?___flneg                          cstackCOMMON 0070
?___flsub                          cstackBANK0  0060
?___fltol                          cstackBANK0  004D
?___ftadd                          cstackBANK0  003A
?___ftmul                          cstackBANK0  004C
?___ftpack                         cstackCOMMON 0070
?___ftsub                          cstackBANK0  0046
?___fttol                          cstackBANK0  005B
?___lldiv                          cstackCOMMON 0070
?___llmod                          cstackCOMMON 0070
?___wmul                           cstackCOMMON 0070
?___xxtofl                         cstackCOMMON 0070
?__div_to_l_                       cstackCOMMON 0070
?__tdiv_to_l_                      cstackCOMMON 0070
?_fround                           cstackBANK0  003A
?_proportionalControl              cstackBANK1  00A0
?_scale                            cstackBANK0  003A
?_sprintf                          cstackBANK0  0068
CRCcheck@buf                       cstackCOMMON 0075
CRCcheck@crc                       cstackCOMMON 007A
CRCcheck@index                     cstackCOMMON 0078
CRCcheck@len                       cstackCOMMON 0070
CRCcheck@pos                       cstackCOMMON 0076
DC_Speed@dutyCycle                 cstackCOMMON 0070
HCH1000_freqToHumidity@freq        cstackBANK0  0068
LCD_CMD@CMD                        cstackBANK3  01B5
LCD_DATA@Data                      cstackBANK3  01B2
LCD_Set_Cursor@High4               cstackCOMMON 0078
LCD_Set_Cursor@Low4                cstackCOMMON 0077
LCD_Set_Cursor@Temp                cstackCOMMON 0079
LCD_Set_Cursor@c                   cstackCOMMON 0074
LCD_Set_Cursor@r                   cstackCOMMON 0076
LCD_Write_Char@Data                cstackCOMMON 0075
LCD_Write_Char@High4               cstackCOMMON 0074
LCD_Write_Char@Low4                cstackCOMMON 0073
LCD_Write_String@i                 cstackCOMMON 007B
LCD_Write_String@str               cstackCOMMON 0076
Master_DataHandling@buf            cstackBANK0  0029
Master_DataHandling@eframe         cstackBANK0  0027
Master_SendCommand@CRC             cstackBANK0  0021
Master_SendCommand@function        cstackCOMMON 007C
Master_SendCommand@sla_add         cstackBANK0  0020
ReceiveData_Check@CRC              cstackBANK0  0022
ReceiveData_Check@CRCH             cstackBANK0  0021
ReceiveData_Check@CRCL             cstackBANK0  0020
ReceiveData_Check@eframe           cstackBANK0  0024
ReceiveData_Check@str              cstackBANK0  0026
SendErrorFrame@CRC                 cstackCOMMON 007C
SendErrorFrame@Eframe              cstackBANK0  0020
SendErrorFrame@function            cstackBANK0  0022
SpeedControl@Kp                    cstackBANK1  00A9
SpeedControl@PWMval                cstackBANK0  006A
SpeedControl@nowVal                cstackBANK1  00AF
SpeedControl@targetVal             cstackBANK1  00AC
TC72_toFloat@count                 cstackBANK0  0050
TC72_toFloat@result                cstackBANK0  004D
TC72_toFloat@temp                  cstackBANK0  0046
UARTrcvChar@c                      cstackCOMMON 0070
UARTrcvString@length               cstackCOMMON 0071
UARTrcvString@rcv_buffer           cstackCOMMON 0075
UARTsendChar@c                     cstackCOMMON 0070
UARTsendString@i                   cstackCOMMON 0072
UARTsendString@str                 cstackCOMMON 0074
_BRGH                              (abs)        04C2
_CCP1CONbits                       (abs)        0017
_CCP1M2                            (abs)        00BA
_CCP1M3                            (abs)        00BB
_CCPR1L                            (abs)        0015
_CRCcheck                          text54       07B1
_CREN                              (abs)        00C4
_DC_Speed                          text47       1B33
_GIE                               (abs)        005F
_HCH1000_freqToHumidity            text55       1C1C
_ISR                               text11       1642
_LCD_CMD                           text9        1A39
_LCD_Clear                         text33       197F
_LCD_DATA                          text10       1B88
_LCD_Init                          text8        1166
_LCD_Set_Cursor                    text32       0803
_LCD_Write_Char                    text31       1DAD
_LCD_Write_String                  text30       1C58
_Master_DataHandling               text49       1BB5
_Master_SendCommand                text48       10CD
_ModbusFrame                       bssBANK1     00E3
_OERR                              (abs)        00C1
_PEIE                              (abs)        005E
_PR2                               (abs)        0092
_PS0                               (abs)        0408
_PS1                               (abs)        0409
_PS2                               (abs)        040A
_PSA                               (abs)        040B
_PWM_Init                          text7        1949
_RB1                               (abs)        0031
_RCIE                              (abs)        0465
_RCIF                              (abs)        0065
_RCREG                             (abs)        001A
_RD1                               (abs)        0041
_RD2                               (abs)        0042
_RD3                               (abs)        0043
_RD4                               (abs)        0044
_RD5                               (abs)        0045
_RD6                               (abs)        0046
_RD7                               (abs)        0047
_RX9                               (abs)        00C6
_ReceiveData_Check                 text53       1BE5
_SPBRG                             (abs)        0099
_SPEN                              (abs)        00C7
_SYNC                              (abs)        04C4
_SendErrorFrame                    text50       1B5B
_SpeedControl                      text40       1C95
_T0CS                              (abs)        040D
_T2CKPS0                           (abs)        0090
_T2CKPS1                           (abs)        0091
_TC72_toFloat                      text38       123D
_TMR0                              (abs)        0001
_TMR0IE                            (abs)        005D
_TMR0IF                            (abs)        005A
_TMR2ON                            (abs)        0092
_TRISB1                            (abs)        0431
_TRISC2                            (abs)        043A
_TRISC6                            (abs)        043E
_TRISC7                            (abs)        043F
_TRISD                             (abs)        0088
_TRISD1                            (abs)        0441
_TRISD2                            (abs)        0442
_TRISD3                            (abs)        0443
_TRMT                              (abs)        04C1
_TX9                               (abs)        04C6
_TXEN                              (abs)        04C5
_TXREG                             (abs)        0019
_Timer2_Init                       text6        194F
_UARTTransRcvInit                  text4        19B8
_UARTrcvChar                       text37       195E
_UARTrcvString                     text36       1CD8
_UARTsendChar                      text52       1956
_UARTsendString                    text51       1A91
__H__absolute__                    __absolute__ 0000
__Habs1                            abs1         0000
__Hbank0                           bank0        0000
__Hbank1                           bank1        0000
__Hbank2                           bank2        0000
__Hbank3                           bank3        0000
__HbitbssBANK0                     bitbssBANK0  0000
__HbssBANK0                        bssBANK0     0000
__HbssBANK1                        bssBANK1     0000
__HbssBANK3                        bssBANK3     0000
__Hcinit                           cinit        0040
__Hclrtext                         clrtext      0000
__Hcode                            code         0000
__Hcommon                          common       0000
__Hconfig                          config       2008
__HcstackBANK0                     cstackBANK0  0000
__HcstackBANK1                     cstackBANK1  0000
__HcstackBANK3                     cstackBANK3  0000
__HcstackCOMMON                    cstackCOMMON 0000
__HdataBANK1                       dataBANK1    0000
__Heeprom_data                     eeprom_data  0000
__Hend_init                        end_init     0015
__Hfunctab                         functab      0000
__HidataBANK1                      idataBANK1   0000
__Hidloc                           idloc        2004
__Hinit                            init         0012
__Hintentry                        intentry     0012
__Hmaintext                        maintext     0000
__Hpowerup                         powerup      0000
__Hram                             ram          0000
__Hreset_vec                       reset_vec    0003
__Hsfr0                            sfr0         0000
__Hsfr1                            sfr1         0000
__Hsfr2                            sfr2         0000
__Hsfr3                            sfr3         0000
__Hspace_0                         (abs)        2000
__Hspace_1                         (abs)        0379
__Hspace_2                         (abs)        0000
__Hspace_3                         (abs)        0000
__Hspace_4                         (abs)        400F
__Hstack                           stack        0000
__Hstrings                         strings      0000
__Htext                            text         0000
__L__absolute__                    __absolute__ 0000
__Labs1                            abs1         0000
__Lbank0                           bank0        0000
__Lbank1                           bank1        0000
__Lbank2                           bank2        0000
__Lbank3                           bank3        0000
__LbitbssBANK0                     bitbssBANK0  0000
__LbssBANK0                        bssBANK0     0000
__LbssBANK1                        bssBANK1     0000
__LbssBANK3                        bssBANK3     0000
__Lcinit                           cinit        0015
__Lclrtext                         clrtext      0000
__Lcode                            code         0000
__Lcommon                          common       0000
__Lconfig                          config       0000
__LcstackBANK0                     cstackBANK0  0000
__LcstackBANK1                     cstackBANK1  0000
__LcstackBANK3                     cstackBANK3  0000
__LcstackCOMMON                    cstackCOMMON 0000
__LdataBANK1                       dataBANK1    0000
__Leeprom_data                     eeprom_data  0000
__Lend_init                        end_init     0012
__Lfunctab                         functab      0000
__LidataBANK1                      idataBANK1   0000
__Lidloc                           idloc        0000
__Linit                            init         0012
__Lintentry                        intentry     0004
__Lmaintext                        maintext     0000
__Lpowerup                         powerup      0000
__Lram                             ram          0000
__Lreset_vec                       reset_vec    0000
__Lsfr0                            sfr0         0000
__Lsfr1                            sfr1         0000
__Lsfr2                            sfr2         0000
__Lsfr3                            sfr3         0000
__Lspace_0                         (abs)        0000
__Lspace_1                         (abs)        0000
__Lspace_2                         (abs)        0000
__Lspace_3                         (abs)        0000
__Lspace_4                         (abs)        0000
__Lstack                           stack        0000
__Lstrings                         strings      0000
__Ltext                            text         0000
__S0                               (abs)        2000
__S1                               (abs)        01B8
__S3                               (abs)        0000
__Umul8_16                         text60       1B10
__Umul8_16@multiplicand            cstackCOMMON 0070
__Umul8_16@multiplier              cstackCOMMON 0078
__Umul8_16@product                 cstackCOMMON 0074
__Umul8_16@word_mpld               cstackCOMMON 0076
___awdiv                           text16       1EE4
___awdiv@counter                   cstackCOMMON 007A
___awdiv@dividend                  cstackCOMMON 0078
___awdiv@divisor                   cstackCOMMON 0076
___awdiv@quotient                  cstackCOMMON 007C
___awdiv@sign                      cstackCOMMON 007B
___awmod                           text15       1DF6
___awmod@counter                   cstackCOMMON 0074
___awmod@dividend                  cstackCOMMON 0072
___awmod@divisor                   cstackCOMMON 0070
___awmod@sign                      cstackCOMMON 0075
___awtoft                          text39       1A1C
___awtoft@c                        cstackCOMMON 0078
___awtoft@sign                     cstackCOMMON 007B
___fladd                           text58       05B4
___fladd@a                         cstackBANK0  0050
___fladd@aexp                      cstackBANK0  005D
___fladd@b                         cstackBANK0  004C
___fladd@bexp                      cstackBANK0  005E
___fladd@grs                       cstackBANK0  005F
___fladd@signs                     cstackBANK0  005C
___fleq                            text29       1D65
___fleq@ff1                        cstackCOMMON 0070
___fleq@ff2                        cstackCOMMON 0074
___flge                            text28       1323
___flge@ff1                        cstackCOMMON 0070
___flge@ff2                        cstackCOMMON 0074
___flmul                           text59       09F9
___flmul@a                         cstackBANK0  0024
___flmul@aexp                      cstackBANK0  002E
___flmul@b                         cstackBANK0  0020
___flmul@bexp                      cstackBANK0  0033
___flmul@grs                       cstackBANK0  002F
___flmul@prod                      cstackBANK0  0034
___flmul@sign                      cstackBANK0  002D
___flmul@temp                      cstackBANK0  0038
___flneg                           text27       1976
___flneg@f1                        cstackCOMMON 0070
___flsub                           text57       1A73
___flsub@a                         cstackBANK0  0060
___flsub@b                         cstackBANK0  0064
___fltol                           text26       10FF
___fltol@exp1                      cstackBANK0  0056
___fltol@f1                        cstackBANK0  004D
___fltol@sign1                     cstackBANK0  0055
___ftadd                           text44       1705
___ftadd@exp1                      cstackBANK0  0045
___ftadd@exp2                      cstackBANK0  0044
___ftadd@f1                        cstackBANK0  003A
___ftadd@f2                        cstackBANK0  003D
___ftadd@sign                      cstackBANK0  0043
___ftmul                           text45       159D
___ftmul@cntr                      cstackBANK0  0059
___ftmul@exp                       cstackBANK0  0055
___ftmul@f1                        cstackBANK0  004C
___ftmul@f2                        cstackBANK0  004F
___ftmul@f3_as_product             cstackBANK0  0056
___ftmul@sign                      cstackBANK0  005A
___ftpack                          text46       11D1
___ftpack@arg                      cstackCOMMON 0070
___ftpack@exp                      cstackCOMMON 0073
___ftpack@sign                     cstackCOMMON 0074
___ftsub                           text43       19FF
___ftsub@f1                        cstackBANK0  0049
___ftsub@f2                        cstackBANK0  0046
___fttol                           text42       12AC
___fttol@exp1                      cstackBANK0  0067
___fttol@f1                        cstackBANK0  005B
___fttol@lval                      cstackBANK0  0063
___fttol@sign1                     cstackBANK0  0062
___int_sp                          stack        0000
___latbits                         (abs)        0002
___lbdiv                           text20       1AEF
___lbdiv@counter                   cstackCOMMON 0078
___lbdiv@dividend                  cstackCOMMON 0077
___lbdiv@divisor                   cstackCOMMON 0076
___lbdiv@quotient                  cstackCOMMON 0079
___lbmod                           text19       1AAF
___lbmod@counter                   cstackCOMMON 0074
___lbmod@dividend                  cstackCOMMON 0073
___lbmod@divisor                   cstackCOMMON 0070
___lbmod@rem                       cstackCOMMON 0075
___lldiv                           text25       1F3D
___lldiv@counter                   cstackCOMMON 007D
___lldiv@dividend                  cstackCOMMON 0074
___lldiv@divisor                   cstackCOMMON 0070
___lldiv@quotient                  cstackCOMMON 0079
___llmod                           text24       1E41
___llmod@counter                   cstackCOMMON 0079
___llmod@dividend                  cstackCOMMON 0074
___llmod@divisor                   cstackCOMMON 0070
___sp                              stack        0000
___stackhi                         (abs)        0000
___stacklo                         (abs)        0000
___wmul                            text23       1ACE
___wmul@multiplicand               cstackCOMMON 0072
___wmul@multiplier                 cstackCOMMON 0070
___wmul@product                    cstackCOMMON 0074
___xxtofl                          text56       13B6
___xxtofl@arg                      cstackCOMMON 007A
___xxtofl@exp                      cstackCOMMON 0079
___xxtofl@sign                     cstackCOMMON 0078
___xxtofl@val                      cstackCOMMON 0070
__div_to_l_                        text22       1457
__div_to_l_@cntr                   cstackBANK0  0024
__div_to_l_@exp1                   cstackBANK0  0025
__div_to_l_@f1                     cstackCOMMON 0070
__div_to_l_@f2                     cstackCOMMON 0074
__div_to_l_@quot                   cstackBANK0  0020
__end_of_CRCcheck                  text54       07FF
__end_of_DC_Speed                  text47       1B5B
__end_of_HCH1000_freqToHumidity    text55       1C58
__end_of_ISR                       text11       1705
__end_of_LCD_CMD                   text9        1A56
__end_of_LCD_Clear                 text33       198A
__end_of_LCD_DATA                  text10       1BB5
__end_of_LCD_Init                  text8        11D1
__end_of_LCD_Set_Cursor            text32       0842
__end_of_LCD_Write_Char            text31       1DF6
__end_of_LCD_Write_String          text30       1C95
__end_of_Master_DataHandling       text49       1BE5
__end_of_Master_SendCommand        text48       10FF
__end_of_PWM_Init                  text7        194F
__end_of_ReceiveData_Check         text53       1C1C
__end_of_SendErrorFrame            text50       1B88
__end_of_SpeedControl              text40       1CD8
__end_of_TC72_toFloat              text38       12AC
__end_of_Timer2_Init               text6        1956
__end_of_UARTTransRcvInit          text4        19CE
__end_of_UARTrcvChar               text37       1966
__end_of_UARTrcvString             text36       1D1D
__end_of_UARTsendChar              text52       195E
__end_of_UARTsendString            text51       1AAF
__end_of__Umul8_16                 text60       1B33
__end_of___awdiv                   text16       1F3D
__end_of___awmod                   text15       1E41
__end_of___awtoft                  text39       1A39
__end_of___fladd                   text58       07B1
__end_of___fleq                    text29       1DAD
__end_of___flge                    text28       13B6
__end_of___flmul                   text59       0CD2
__end_of___flneg                   text27       197F
__end_of___flsub                   text57       1A91
__end_of___fltol                   text26       1166
__end_of___ftadd                   text44       1800
__end_of___ftmul                   text45       1642
__end_of___ftpack                  text46       123D
__end_of___ftsub                   text43       1A1C
__end_of___fttol                   text42       1323
__end_of___lbdiv                   text20       1B10
__end_of___lbmod                   text19       1ACE
__end_of___lldiv                   text25       1F9B
__end_of___llmod                   text24       1E8D
__end_of___wmul                    text23       1AEF
__end_of___xxtofl                  text56       1457
__end_of__div_to_l_                text22       14FA
__end_of__initialization           cinit        003C
__end_of__npowers_                 strings      1078
__end_of__powers_                  strings      1044
__end_of__stringtab                strings      1010
__end_of__tdiv_to_l_               text21       159D
__end_of_compressorMotor_Init      text5        19A6
__end_of_displayData               text12       2000
__end_of_dpowers                   strings      10A0
__end_of_fround                    text18       09F9
__end_of_isdigit                   text17       1998
__end_of_main                      maintext     1A73
__end_of_mobusRTUmasterInit        text3        196E
__end_of_proportionalControl       text41       1D65
__end_of_scale                     text14       1000
__end_of_sprintf                   text13       05B4
__end_of_timer0SetPrescaler        text2        1EE4
__end_of_timer0TimerInit           text1        19B8
__end_ofi1_LCD_CMD                 text34       19E5
__end_ofi1_LCD_DATA                text35       19FF
__initialization                   cinit        0015
__npowers_                         strings      1044
__pbitbssBANK0                     bitbssBANK0  0378
__pbssBANK0                        bssBANK0     006D
__pbssBANK1                        bssBANK1     00CB
__pbssBANK3                        bssBANK3     0190
__pcstackBANK0                     cstackBANK0  0020
__pcstackBANK1                     cstackBANK1  00A0
__pcstackBANK3                     cstackBANK3  01B2
__pcstackCOMMON                    cstackCOMMON 0070
__pdataBANK1                       dataBANK1    00EC
__pidataBANK1                      idataBANK1   0800
__pintentry                        intentry     0004
__pmaintext                        maintext     1A56
__powers_                          strings      1010
__pstrings                         strings      1000
__ptext1                           text1        19A6
__ptext10                          text10       1B88
__ptext11                          text11       1642
__ptext12                          text12       1F9B
__ptext13                          text13       0040
__ptext14                          text14       0CD2
__ptext15                          text15       1DF6
__ptext16                          text16       1EE4
__ptext17                          text17       198A
__ptext18                          text18       0842
__ptext19                          text19       1AAF
__ptext2                           text2        1E8D
__ptext20                          text20       1AEF
__ptext21                          text21       14FA
__ptext22                          text22       1457
__ptext23                          text23       1ACE
__ptext24                          text24       1E41
__ptext25                          text25       1F3D
__ptext26                          text26       10FF
__ptext27                          text27       1976
__ptext28                          text28       1323
__ptext29                          text29       1D65
__ptext3                           text3        1966
__ptext30                          text30       1C58
__ptext31                          text31       1DAD
__ptext32                          text32       0803
__ptext33                          text33       197F
__ptext34                          text34       19CE
__ptext35                          text35       19E5
__ptext36                          text36       1CD8
__ptext37                          text37       195E
__ptext38                          text38       123D
__ptext39                          text39       1A1C
__ptext4                           text4        19B8
__ptext40                          text40       1C95
__ptext41                          text41       1D1D
__ptext42                          text42       12AC
__ptext43                          text43       19FF
__ptext44                          text44       1705
__ptext45                          text45       159D
__ptext46                          text46       11D1
__ptext47                          text47       1B33
__ptext48                          text48       10CD
__ptext49                          text49       1BB5
__ptext5                           text5        1998
__ptext50                          text50       1B5B
__ptext51                          text51       1A91
__ptext52                          text52       1956
__ptext53                          text53       1BE5
__ptext54                          text54       07B1
__ptext55                          text55       1C1C
__ptext56                          text56       13B6
__ptext57                          text57       1A73
__ptext58                          text58       05B4
__ptext59                          text59       09F9
__ptext6                           text6        194F
__ptext60                          text60       1B10
__ptext7                           text7        1949
__ptext8                           text8        1166
__ptext9                           text9        1A39
__stringbase                       strings      100F
__stringtab                        strings      1000
__tdiv_to_l_                       text21       14FA
__tdiv_to_l_@cntr                  cstackBANK0  0024
__tdiv_to_l_@exp1                  cstackBANK0  0025
__tdiv_to_l_@f1                    cstackCOMMON 0070
__tdiv_to_l_@f2                    cstackCOMMON 0073
__tdiv_to_l_@quot                  cstackBANK0  0020
_compressorMotor_Init              text5        1998
_count_modbus                      bssBANK1     00D5
_count_motor                       bssBANK1     00D9
_displayData                       text12       1F9B
_dpowers                           strings      1078
_fhumid                            bssBANK1     00CB
_fround                            text18       0842
_fround$1221                       cstackBANK0  0047
_fround$1222                       cstackBANK0  0043
_ftemp                             bssBANK1     00CE
_isdigit                           text17       198A
_isdigit$961                       cstackCOMMON 0070
_main                              maintext     1A56
_memory                            bssBANK1     00D1
_mobusRTUmasterInit                text3        1966
_proportionalControl               text41       1D1D
_rcv_buffer                        bssBANK1     00DA
_scale                             text14       0CD2
_scale$1223                        cstackBANK0  0048
_send                              bitbssBANK0  0378
_sprintf                           text13       0040
_sprintf$1224                      cstackBANK1  00A5
_str1                              bssBANK3     01A1
_str2                              bssBANK3     0190
_targetTemp                        dataBANK1    00EC
_timer0SetPrescaler                text2        1E8D
_timer0TimerInit                   text1        19A6
_uart_str_idx@PIC16F877A_UART$F291 bssBANK0     006D
btemp                              (abs)        007E
clear_ram0                         clrtext      196E
end_of_initialization              cinit        003C
fround@prec                        cstackBANK0  004B
i1LCD_CMD@CMD                      cstackCOMMON 0073
i1LCD_DATA@Data                    cstackCOMMON 0070
i1_LCD_CMD                         text34       19CE
i1_LCD_DATA                        text35       19E5
interrupt_function                 intentry     0004
intlevel0                          functab      0000
intlevel1                          functab      0000
intlevel2                          functab      0000
intlevel3                          functab      0000
intlevel4                          functab      0000
intlevel5                          functab      0000
isdigit@c                          cstackCOMMON 0071
proportionalControl@Kp             cstackBANK1  00A0
proportionalControl@controlSignal  cstackBANK0  0068
proportionalControl@nowVal         cstackBANK1  00A6
proportionalControl@targetVal      cstackBANK1  00A3
reset_vec                          reset_vec    0000
saved_w                            (abs)        007E
scale@scl                          cstackBANK0  004C
sprintf@ap                         cstackBANK1  00A9
sprintf@c                          cstackBANK1  00C0
sprintf@cp                         cstackBANK1  00AA
sprintf@eexp                       cstackBANK1  00B3
sprintf@f                          cstackBANK0  0068
sprintf@flag                       cstackBANK1  00AD
sprintf@fval                       cstackBANK1  00BA
sprintf@len                        cstackBANK1  00AB
sprintf@prec                       cstackBANK1  00BE
sprintf@sp                         cstackBANK1  00B9
sprintf@tmpval                     cstackBANK1  00B5
sprintf@val                        cstackBANK1  00AF
start                              init         0012
start_initialization               cinit        0015
timer0SetPrescaler@prescaler       cstackBANK3  01B2
timer0TimerInit@prescaler          cstackBANK3  01B4
wtemp0                             (abs)        007E


MODULE INFORMATION

Module		Function		Class		Link	Load	Size
LCD16x2.c
		_LCD_Init      		CODE           	1166	0000	107
		_LCD_Write_Char		CODE           	1DAD	0000	73
		_LCD_CMD       		CODE           	1A39	0000	29
		_LCD_DATA      		CODE           	1B88	0000	45
		_LCD_Set_Cursor		CODE           	0803	0000	63
		_LCD_Clear     		CODE           	197F	0000	11
		_LCD_Write_String		CODE           	1C58	0000	61

LCD16x2.c estimated size: 389

C:\Program Files\Microchip\xc8\v2.41\pic\sources\c90\common\sprcmul.c
		___flmul       		CODE           	09F9	0000	729

C:\Program Files\Microchip\xc8\v2.41\pic\sources\c90\common\sprcmul.c estimated size: 729

C:\Program Files\Microchip\xc8\v2.41\pic\sources\c90\common\flge.c
		___flge        		CODE           	1323	0000	147

C:\Program Files\Microchip\xc8\v2.41\pic\sources\c90\common\flge.c estimated size: 147

C:\Program Files\Microchip\xc8\v2.41\pic\sources\c90\common\ftmul.c
		___ftmul       		CODE           	159D	0000	165

C:\Program Files\Microchip\xc8\v2.41\pic\sources\c90\common\ftmul.c estimated size: 165

C:\Program Files\Microchip\xc8\v2.41\pic\sources\c90\common\ftdivl.c
		__tdiv_to_l_   		CODE           	14FA	0000	163

C:\Program Files\Microchip\xc8\v2.41\pic\sources\c90\common\ftdivl.c estimated size: 163

Compressor_motor.c
		_compressorMotor_Init		CODE           	1998	0000	14
		_SpeedControl  		CODE           	1C95	0000	67
		_proportionalControl		CODE           	1D1D	0000	72
		_Timer2_Init   		CODE           	194F	0000	7
		_PWM_Init      		CODE           	1949	0000	6
		_DC_Speed      		CODE           	1B33	0000	40

Compressor_motor.c estimated size: 206

C:\Program Files\Microchip\xc8\v2.41\pic\sources\c90\common\Umul16.c
		___wmul        		CODE           	1ACE	0000	33

C:\Program Files\Microchip\xc8\v2.41\pic\sources\c90\common\Umul16.c estimated size: 33

C:\Program Files\Microchip\xc8\v2.41\pic\sources\c90\common\awdiv.c
		___awdiv       		CODE           	1EE4	0000	89

C:\Program Files\Microchip\xc8\v2.41\pic\sources\c90\common\awdiv.c estimated size: 89

C:\Program Files\Microchip\xc8\v2.41\pic\sources\c90\common\fltol.c
		___fltol       		CODE           	10FF	0000	103

C:\Program Files\Microchip\xc8\v2.41\pic\sources\c90\common\fltol.c estimated size: 103

C:\Program Files\Microchip\xc8\v2.41\pic\sources\c90\common\lbmod.c
		___lbmod       		CODE           	1AAF	0000	31

C:\Program Files\Microchip\xc8\v2.41\pic\sources\c90\common\lbmod.c estimated size: 31

C:\Program Files\Microchip\xc8\v2.41\pic\sources\c90\common\__lldiv.c
		___lldiv       		CODE           	1F3D	0000	94

C:\Program Files\Microchip\xc8\v2.41\pic\sources\c90\common\__lldiv.c estimated size: 94

RS485_Master.c
		_ISR           		CODE           	1642	0000	195
		_displayData   		CODE           	1F9B	0000	101
		_main          		CODE           	1A56	0000	29
		_TC72_toFloat  		CODE           	123D	0000	111
		_HCH1000_freqToHumidity		CODE           	1C1C	0000	60

RS485_Master.c estimated size: 496

C:\Program Files\Microchip\xc8\v2.41\pic\sources\c90\common\fttol.c
		___fttol       		CODE           	12AC	0000	119

C:\Program Files\Microchip\xc8\v2.41\pic\sources\c90\common\fttol.c estimated size: 119

C:\Program Files\Microchip\xc8\v2.41\pic\sources\c90\common\isdigit.c
		_isdigit       		CODE           	198A	0000	14

C:\Program Files\Microchip\xc8\v2.41\pic\sources\c90\common\isdigit.c estimated size: 14

C:\Program Files\Microchip\xc8\v2.41\pic\sources\c90\common\sprcadd.c
		___flsub       		CODE           	1A73	0000	30
		___fladd       		CODE           	05B4	0000	509

C:\Program Files\Microchip\xc8\v2.41\pic\sources\c90\common\sprcadd.c estimated size: 539

C:\Program Files\Microchip\xc8\v2.41\pic\sources\c90\common\ftadd.c
		___ftadd       		CODE           	1705	0000	251

C:\Program Files\Microchip\xc8\v2.41\pic\sources\c90\common\ftadd.c estimated size: 251

C:\Program Files\Microchip\xc8\v2.41\pic\sources\c90\common\fldivl.c
		__div_to_l_    		CODE           	1457	0000	163

C:\Program Files\Microchip\xc8\v2.41\pic\sources\c90\common\fldivl.c estimated size: 163

C:\Program Files\Microchip\xc8\v2.41\pic\sources\c90\common\fleq.c
		___fleq        		CODE           	1D65	0000	72

C:\Program Files\Microchip\xc8\v2.41\pic\sources\c90\common\fleq.c estimated size: 72

C:\Program Files\Microchip\xc8\v2.41\pic\sources\c90\common\xxtofl.c
		___xxtofl      		CODE           	13B6	0000	161

C:\Program Files\Microchip\xc8\v2.41\pic\sources\c90\common\xxtofl.c estimated size: 161

C:\Program Files\Microchip\xc8\v2.41\pic\sources\c90\common\flneg.c
		___flneg       		CODE           	1976	0000	9

C:\Program Files\Microchip\xc8\v2.41\pic\sources\c90\common\flneg.c estimated size: 9

shared
		__stringtab    		STRING         	1000	0000	16
		i1_LCD_CMD     		CODE           	19CE	0000	23
		__powers_      		STRING         	1010	0000	52
		_dpowers       		STRING         	1078	0000	40
		__npowers_     		STRING         	1044	0000	52
		__initialization		CODE           	0015	0000	39
		i1_LCD_DATA    		CODE           	19E5	0000	26

shared estimated size: 248

PIC16F877A_timer0.c
		_timer0TimerInit		CODE           	19A6	0000	18
		_timer0SetPrescaler		CODE           	1E8D	0000	87

PIC16F877A_timer0.c estimated size: 105

C:\Program Files\Microchip\xc8\v2.41\pic\sources\c90\common\lbdiv.c
		___lbdiv       		CODE           	1AEF	0000	33

C:\Program Files\Microchip\xc8\v2.41\pic\sources\c90\common\lbdiv.c estimated size: 33

C:\Program Files\Microchip\xc8\v2.41\pic\sources\c90\common\Umul8_16.c
		__Umul8_16     		CODE           	1B10	0000	35

C:\Program Files\Microchip\xc8\v2.41\pic\sources\c90\common\Umul8_16.c estimated size: 35

Master_ModbusRTU.c
		_SendErrorFrame		CODE           	1B5B	0000	45
		_Master_SendCommand		CODE           	10CD	0000	50
		_mobusRTUmasterInit		CODE           	1966	0000	8
		_ReceiveData_Check		CODE           	1BE5	0000	55
		_CRCcheck      		CODE           	07B1	0000	78
		_Master_DataHandling		CODE           	1BB5	0000	48

Master_ModbusRTU.c estimated size: 284

C:\Program Files\Microchip\xc8\v2.41\pic\sources\c90\common\awtoft.c
		___awtoft      		CODE           	1A1C	0000	29

C:\Program Files\Microchip\xc8\v2.41\pic\sources\c90\common\awtoft.c estimated size: 29

C:\Program Files\Microchip\xc8\v2.41\pic\sources\c90\common\ftsub.c
		___ftsub       		CODE           	19FF	0000	29

C:\Program Files\Microchip\xc8\v2.41\pic\sources\c90\common\ftsub.c estimated size: 29

C:\Program Files\Microchip\xc8\v2.41\pic\sources\c90\common\float.c
		___ftpack      		CODE           	11D1	0000	108

C:\Program Files\Microchip\xc8\v2.41\pic\sources\c90\common\float.c estimated size: 108

PIC16F877A_UART.c
		_UARTrcvChar   		CODE           	195E	0000	8
		_UARTrcvString 		CODE           	1CD8	0000	69
		_UARTsendChar  		CODE           	1956	0000	8
		_UARTsendString		CODE           	1A91	0000	30
		_UARTTransRcvInit		CODE           	19B8	0000	22

PIC16F877A_UART.c estimated size: 137

C:\Program Files\Microchip\xc8\v2.41\pic\sources\c90\common\doprnt.c
		_scale         		CODE           	0CD2	0000	814
		_sprintf       		CODE           	0040	0000	1396
		_fround        		CODE           	0842	0000	439

C:\Program Files\Microchip\xc8\v2.41\pic\sources\c90\common\doprnt.c estimated size: 2649

C:\Program Files\Microchip\xc8\v2.41\pic\sources\c90\common\awmod.c
		___awmod       		CODE           	1DF6	0000	75

C:\Program Files\Microchip\xc8\v2.41\pic\sources\c90\common\awmod.c estimated size: 75

C:\Program Files\Microchip\xc8\v2.41\pic\sources\c90\common\llmod.c
		___llmod       		CODE           	1E41	0000	76

C:\Program Files\Microchip\xc8\v2.41\pic\sources\c90\common\llmod.c estimated size: 76

